// Jest Snapshot v1, https://goo.gl/fbAQLP

exports[`InputSearchComponent should render 1`] = `
<div>
  <div
    data-testid="container"
  >
    <form>
      <div
        class="group flex flex-col w-full group relative justify-end data-[has-label=true]:mt-[calc(theme(fontSize.small)_+_8px)]"
        data-filled="true"
        data-filled-within="true"
        data-slot="base"
      >
        <div
          class="h-full flex flex-col"
          data-slot="main-wrapper"
        >
          <div
            class="relative w-full inline-flex tap-highlight-transparent flex-row items-center shadow-sm gap-3 bg-default-100 data-[hover=true]:bg-default-200 group-data-[focus=true]:bg-default-100 h-8 min-h-8 rounded-full transition-background motion-reduce:transition-none !duration-150 px-3 outline-none group-data-[focus-visible=true]:z-10 group-data-[focus-visible=true]:ring-2 group-data-[focus-visible=true]:ring-focus group-data-[focus-visible=true]:ring-offset-2 group-data-[focus-visible=true]:ring-offset-background"
            data-slot="input-wrapper"
            style="cursor: text;"
          >
            <div
              class="inline-flex w-full items-center h-full box-border"
              data-slot="inner-wrapper"
            >
              <svg
                class="lucide lucide-search cursor-pointer"
                fill="none"
                height="16"
                stroke="currentColor"
                stroke-linecap="round"
                stroke-linejoin="round"
                stroke-width="2"
                viewBox="0 0 24 24"
                width="16"
                xmlns="http://www.w3.org/2000/svg"
              >
                <circle
                  cx="11"
                  cy="11"
                  r="8"
                />
                <path
                  d="m21 21-4.3-4.3"
                />
              </svg>
              <input
                aria-label="Search"
                class="w-full font-normal bg-transparent !outline-none placeholder:text-foreground-500 focus-visible:outline-none data-[has-start-content=true]:ps-1.5 data-[has-end-content=true]:pe-1.5 text-small peer pr-6 rtl:pr-0 rtl:pl-6 group-data-[has-value=true]:text-default-foreground h-full"
                data-has-start-content="true"
                data-slot="input"
                id="react-aria-:r0:"
                placeholder="Search Books by Title, Author or ISBN"
                title=""
                type="text"
                value=""
              />
              <span
                class="p-2 -m-2 z-10 hidden absolute right-3 rtl:right-auto rtl:left-3 appearance-none select-none opacity-0 hover:!opacity-100 cursor-pointer active:!opacity-70 rounded-full outline-none data-[focus-visible=true]:z-10 data-[focus-visible=true]:outline-2 data-[focus-visible=true]:outline-focus data-[focus-visible=true]:outline-offset-2 text-medium peer-data-[filled=true]:opacity-70 peer-data-[filled=true]:block transition-opacity motion-reduce:transition-none"
                data-slot="clear-button"
                role="button"
                tabindex="0"
              >
                <svg
                  aria-hidden="true"
                  focusable="false"
                  height="1em"
                  role="presentation"
                  viewBox="0 0 24 24"
                  width="1em"
                >
                  <path
                    d="M12 2a10 10 0 1010 10A10.016 10.016 0 0012 2zm3.36 12.3a.754.754 0 010 1.06.748.748 0 01-1.06 0l-2.3-2.3-2.3 2.3a.748.748 0 01-1.06 0 .754.754 0 010-1.06l2.3-2.3-2.3-2.3A.75.75 0 019.7 8.64l2.3 2.3 2.3-2.3a.75.75 0 011.06 1.06l-2.3 2.3z"
                    fill="currentColor"
                  />
                </svg>
              </span>
            </div>
          </div>
        </div>
      </div>
    </form>
  </div>
</div>
`;
