// Jest Snapshot v1, https://goo.gl/fbAQLP

exports[`WarningModalComponent should render 1`] = `
<div
  aria-hidden="true"
>
  <div
    data-testid="container"
  >
    <div />
  </div>
</div>
`;
