// Jest Snapshot v1, https://goo.gl/fbAQLP

exports[`ProductListItemComponent should render 1`] = `
<div>
  <div
    data-testid="container"
  >
    <article
      class="p-5 w-full sm:w-[227px] h-[400px] text-sm text-pretty"
    >
      Test
    </article>
  </div>
</div>
`;
