// Jest Snapshot v1, https://goo.gl/fbAQLP

exports[`UiCollapsibleComponent should render 1`] = `
<div>
  <div
    data-testid="container"
  >
    <div>
      <button
        aria-expanded="false"
        aria-haspopup="true"
        class="flex cursor-pointer gap-2 p-4 lg:px-10 lg:py-2 items-center"
        tabindex="0"
      >
        <span
          class="grow"
        >
          Header
        </span>
        <svg
          class="lucide lucide-chevron-left size-4"
          fill="none"
          height="24"
          stroke="currentColor"
          stroke-linecap="round"
          stroke-linejoin="round"
          stroke-width="2"
          viewBox="0 0 24 24"
          width="24"
          xmlns="http://www.w3.org/2000/svg"
        >
          <path
            d="m15 18-6-6 6-6"
          />
        </svg>
      </button>
      <div
        class="hidden"
      >
        Content
      </div>
    </div>
  </div>
</div>
`;
