// Jest Snapshot v1, https://goo.gl/fbAQLP

exports[`UiTitleComponent should render p 1`] = `
<div>
  <div
    data-testid="container"
  >
    <p
      class="font-primary text-pretty text-2xl line-clamp-2 mt-2"
    >
      Test
    </p>
    <h1
      class="font-primary text-pretty text-2xl"
    >
      Stay Connected
    </h1>
    <h2
      class="font-primary text-pretty text-4xl sm:text-5xl md:text-6xl lg:text-7xl"
    >
      Featured Authors
    </h2>
    <h1
      class="font-primary text-pretty text-4xl sm:text-5xl md:text-6xl lg:text-7xl"
    >
      Test
    </h1>
  </div>
</div>
`;
