// Jest Snapshot v1, https://goo.gl/fbAQLP

exports[`UiWrapperComponent should render 1`] = `
<div>
  <div
    data-testid="container"
  >
    <div
      class="w-full mx-auto xl:max-w-screen-xl 2xl:max-w-screen-2xl"
    >
      Test
    </div>
  </div>
</div>
`;
