// Jest Snapshot v1, https://goo.gl/fbAQLP

exports[`FeaturedAuthorsComponent should render 1`] = `
<div>
  <div
    data-testid="container"
  >
    <section
      class="p-4 pb-10 md:p-10"
    >
      <h2
        class="font-primary text-pretty text-4xl sm:text-5xl md:text-6xl lg:text-7xl"
      >
        Featured Authors
      </h2>
      <div
        class="snap-x overflow-x-auto flex sm:flex-wrap sm:justify-center sm:gap-2 text-center"
      >
        <article
          class="p-5 w-[227px] h-[267px] flex-none text-sm text-pretty"
        >
          <a
            href="/author/kevin-kwan"
            rel="author"
            title="Kevin Kwan"
          >
            <figure
              class="bg-green-300 w-[187px] h-[187px] relative overflow-hidden rounded-full"
            >
              <img
                alt="Kevin Kwan"
                class="transition-all w-[187px] h-[187px] hover:w-[207px] hover:h-[207px] hover:-mt-[10px] object-cover"
                data-nimg="1"
                decoding="async"
                height="207"
                loading="lazy"
                sizes="207px"
                src="https://res.cloudinary.com/dulz2k2my/image/upload/c_auto,w_3840,h_3840,g_auto/f_auto/q_auto/v1/author/kevin-kwan?_a=BAVARSDW0"
                srcset="https://res.cloudinary.com/dulz2k2my/image/upload/c_auto,w_16,h_16,g_auto/f_auto/q_auto/v1/author/kevin-kwan?_a=BAVARSDW0 16w, https://res.cloudinary.com/dulz2k2my/image/upload/c_auto,w_32,h_32,g_auto/f_auto/q_auto/v1/author/kevin-kwan?_a=BAVARSDW0 32w, https://res.cloudinary.com/dulz2k2my/image/upload/c_auto,w_48,h_48,g_auto/f_auto/q_auto/v1/author/kevin-kwan?_a=BAVARSDW0 48w, https://res.cloudinary.com/dulz2k2my/image/upload/c_auto,w_64,h_64,g_auto/f_auto/q_auto/v1/author/kevin-kwan?_a=BAVARSDW0 64w, https://res.cloudinary.com/dulz2k2my/image/upload/c_auto,w_96,h_96,g_auto/f_auto/q_auto/v1/author/kevin-kwan?_a=BAVARSDW0 96w, https://res.cloudinary.com/dulz2k2my/image/upload/c_auto,w_128,h_128,g_auto/f_auto/q_auto/v1/author/kevin-kwan?_a=BAVARSDW0 128w, https://res.cloudinary.com/dulz2k2my/image/upload/c_auto,w_256,h_256,g_auto/f_auto/q_auto/v1/author/kevin-kwan?_a=BAVARSDW0 256w, https://res.cloudinary.com/dulz2k2my/image/upload/c_auto,w_384,h_384,g_auto/f_auto/q_auto/v1/author/kevin-kwan?_a=BAVARSDW0 384w, https://res.cloudinary.com/dulz2k2my/image/upload/c_auto,w_640,h_640,g_auto/f_auto/q_auto/v1/author/kevin-kwan?_a=BAVARSDW0 640w, https://res.cloudinary.com/dulz2k2my/image/upload/c_auto,w_750,h_750,g_auto/f_auto/q_auto/v1/author/kevin-kwan?_a=BAVARSDW0 750w, https://res.cloudinary.com/dulz2k2my/image/upload/c_auto,w_828,h_828,g_auto/f_auto/q_auto/v1/author/kevin-kwan?_a=BAVARSDW0 828w, https://res.cloudinary.com/dulz2k2my/image/upload/c_auto,w_1080,h_1080,g_auto/f_auto/q_auto/v1/author/kevin-kwan?_a=BAVARSDW0 1080w, https://res.cloudinary.com/dulz2k2my/image/upload/c_auto,w_1200,h_1200,g_auto/f_auto/q_auto/v1/author/kevin-kwan?_a=BAVARSDW0 1200w, https://res.cloudinary.com/dulz2k2my/image/upload/c_auto,w_1920,h_1920,g_auto/f_auto/q_auto/v1/author/kevin-kwan?_a=BAVARSDW0 1920w, https://res.cloudinary.com/dulz2k2my/image/upload/c_auto,w_2048,h_2048,g_auto/f_auto/q_auto/v1/author/kevin-kwan?_a=BAVARSDW0 2048w, https://res.cloudinary.com/dulz2k2my/image/upload/c_auto,w_3840,h_3840,g_auto/f_auto/q_auto/v1/author/kevin-kwan?_a=BAVARSDW0 3840w"
                style="color: transparent;"
                width="207"
              />
            </figure>
          </a>
          <p
            class="font-primary text-pretty text-2xl line-clamp-2 mt-2"
          >
            <a
              href="/author/kevin-kwan"
              rel="author"
              title="Kevin Kwan"
            >
              Kevin Kwan
            </a>
          </p>
        </article>
        <article
          class="p-5 w-[227px] h-[267px] flex-none text-sm text-pretty"
        >
          <a
            href="/author/julia-cameron"
            rel="author"
            title="Julia Cameron"
          >
            <figure
              class="bg-green-300 w-[187px] h-[187px] relative overflow-hidden rounded-full"
            >
              <img
                alt="Julia Cameron"
                class="transition-all w-[187px] h-[187px] hover:w-[207px] hover:h-[207px] hover:-mt-[10px] object-cover"
                data-nimg="1"
                decoding="async"
                height="207"
                loading="lazy"
                sizes="207px"
                src="https://res.cloudinary.com/dulz2k2my/image/upload/c_auto,w_3840,h_3840,g_auto/f_auto/q_auto/v1/author/julia-cameron?_a=BAVARSDW0"
                srcset="https://res.cloudinary.com/dulz2k2my/image/upload/c_auto,w_16,h_16,g_auto/f_auto/q_auto/v1/author/julia-cameron?_a=BAVARSDW0 16w, https://res.cloudinary.com/dulz2k2my/image/upload/c_auto,w_32,h_32,g_auto/f_auto/q_auto/v1/author/julia-cameron?_a=BAVARSDW0 32w, https://res.cloudinary.com/dulz2k2my/image/upload/c_auto,w_48,h_48,g_auto/f_auto/q_auto/v1/author/julia-cameron?_a=BAVARSDW0 48w, https://res.cloudinary.com/dulz2k2my/image/upload/c_auto,w_64,h_64,g_auto/f_auto/q_auto/v1/author/julia-cameron?_a=BAVARSDW0 64w, https://res.cloudinary.com/dulz2k2my/image/upload/c_auto,w_96,h_96,g_auto/f_auto/q_auto/v1/author/julia-cameron?_a=BAVARSDW0 96w, https://res.cloudinary.com/dulz2k2my/image/upload/c_auto,w_128,h_128,g_auto/f_auto/q_auto/v1/author/julia-cameron?_a=BAVARSDW0 128w, https://res.cloudinary.com/dulz2k2my/image/upload/c_auto,w_256,h_256,g_auto/f_auto/q_auto/v1/author/julia-cameron?_a=BAVARSDW0 256w, https://res.cloudinary.com/dulz2k2my/image/upload/c_auto,w_384,h_384,g_auto/f_auto/q_auto/v1/author/julia-cameron?_a=BAVARSDW0 384w, https://res.cloudinary.com/dulz2k2my/image/upload/c_auto,w_640,h_640,g_auto/f_auto/q_auto/v1/author/julia-cameron?_a=BAVARSDW0 640w, https://res.cloudinary.com/dulz2k2my/image/upload/c_auto,w_750,h_750,g_auto/f_auto/q_auto/v1/author/julia-cameron?_a=BAVARSDW0 750w, https://res.cloudinary.com/dulz2k2my/image/upload/c_auto,w_828,h_828,g_auto/f_auto/q_auto/v1/author/julia-cameron?_a=BAVARSDW0 828w, https://res.cloudinary.com/dulz2k2my/image/upload/c_auto,w_1080,h_1080,g_auto/f_auto/q_auto/v1/author/julia-cameron?_a=BAVARSDW0 1080w, https://res.cloudinary.com/dulz2k2my/image/upload/c_auto,w_1200,h_1200,g_auto/f_auto/q_auto/v1/author/julia-cameron?_a=BAVARSDW0 1200w, https://res.cloudinary.com/dulz2k2my/image/upload/c_auto,w_1920,h_1920,g_auto/f_auto/q_auto/v1/author/julia-cameron?_a=BAVARSDW0 1920w, https://res.cloudinary.com/dulz2k2my/image/upload/c_auto,w_2048,h_2048,g_auto/f_auto/q_auto/v1/author/julia-cameron?_a=BAVARSDW0 2048w, https://res.cloudinary.com/dulz2k2my/image/upload/c_auto,w_3840,h_3840,g_auto/f_auto/q_auto/v1/author/julia-cameron?_a=BAVARSDW0 3840w"
                style="color: transparent;"
                width="207"
              />
            </figure>
          </a>
          <p
            class="font-primary text-pretty text-2xl line-clamp-2 mt-2"
          >
            <a
              href="/author/julia-cameron"
              rel="author"
              title="Julia Cameron"
            >
              Julia Cameron
            </a>
          </p>
        </article>
        <article
          class="p-5 w-[227px] h-[267px] flex-none text-sm text-pretty"
        >
          <a
            href="/author/david-byrne"
            rel="author"
            title="David Byrne"
          >
            <figure
              class="bg-green-300 w-[187px] h-[187px] relative overflow-hidden rounded-full"
            >
              <img
                alt="David Byrne"
                class="transition-all w-[187px] h-[187px] hover:w-[207px] hover:h-[207px] hover:-mt-[10px] object-cover"
                data-nimg="1"
                decoding="async"
                height="207"
                loading="lazy"
                sizes="207px"
                src="https://res.cloudinary.com/dulz2k2my/image/upload/c_auto,w_3840,h_3840,g_auto/f_auto/q_auto/v1/author/david-byrne?_a=BAVARSDW0"
                srcset="https://res.cloudinary.com/dulz2k2my/image/upload/c_auto,w_16,h_16,g_auto/f_auto/q_auto/v1/author/david-byrne?_a=BAVARSDW0 16w, https://res.cloudinary.com/dulz2k2my/image/upload/c_auto,w_32,h_32,g_auto/f_auto/q_auto/v1/author/david-byrne?_a=BAVARSDW0 32w, https://res.cloudinary.com/dulz2k2my/image/upload/c_auto,w_48,h_48,g_auto/f_auto/q_auto/v1/author/david-byrne?_a=BAVARSDW0 48w, https://res.cloudinary.com/dulz2k2my/image/upload/c_auto,w_64,h_64,g_auto/f_auto/q_auto/v1/author/david-byrne?_a=BAVARSDW0 64w, https://res.cloudinary.com/dulz2k2my/image/upload/c_auto,w_96,h_96,g_auto/f_auto/q_auto/v1/author/david-byrne?_a=BAVARSDW0 96w, https://res.cloudinary.com/dulz2k2my/image/upload/c_auto,w_128,h_128,g_auto/f_auto/q_auto/v1/author/david-byrne?_a=BAVARSDW0 128w, https://res.cloudinary.com/dulz2k2my/image/upload/c_auto,w_256,h_256,g_auto/f_auto/q_auto/v1/author/david-byrne?_a=BAVARSDW0 256w, https://res.cloudinary.com/dulz2k2my/image/upload/c_auto,w_384,h_384,g_auto/f_auto/q_auto/v1/author/david-byrne?_a=BAVARSDW0 384w, https://res.cloudinary.com/dulz2k2my/image/upload/c_auto,w_640,h_640,g_auto/f_auto/q_auto/v1/author/david-byrne?_a=BAVARSDW0 640w, https://res.cloudinary.com/dulz2k2my/image/upload/c_auto,w_750,h_750,g_auto/f_auto/q_auto/v1/author/david-byrne?_a=BAVARSDW0 750w, https://res.cloudinary.com/dulz2k2my/image/upload/c_auto,w_828,h_828,g_auto/f_auto/q_auto/v1/author/david-byrne?_a=BAVARSDW0 828w, https://res.cloudinary.com/dulz2k2my/image/upload/c_auto,w_1080,h_1080,g_auto/f_auto/q_auto/v1/author/david-byrne?_a=BAVARSDW0 1080w, https://res.cloudinary.com/dulz2k2my/image/upload/c_auto,w_1200,h_1200,g_auto/f_auto/q_auto/v1/author/david-byrne?_a=BAVARSDW0 1200w, https://res.cloudinary.com/dulz2k2my/image/upload/c_auto,w_1920,h_1920,g_auto/f_auto/q_auto/v1/author/david-byrne?_a=BAVARSDW0 1920w, https://res.cloudinary.com/dulz2k2my/image/upload/c_auto,w_2048,h_2048,g_auto/f_auto/q_auto/v1/author/david-byrne?_a=BAVARSDW0 2048w, https://res.cloudinary.com/dulz2k2my/image/upload/c_auto,w_3840,h_3840,g_auto/f_auto/q_auto/v1/author/david-byrne?_a=BAVARSDW0 3840w"
                style="color: transparent;"
                width="207"
              />
            </figure>
          </a>
          <p
            class="font-primary text-pretty text-2xl line-clamp-2 mt-2"
          >
            <a
              href="/author/david-byrne"
              rel="author"
              title="David Byrne"
            >
              David Byrne
            </a>
          </p>
        </article>
        <article
          class="p-5 w-[227px] h-[267px] flex-none text-sm text-pretty"
        >
          <a
            href="/author/donna-tartt"
            rel="author"
            title="Donna Tartt"
          >
            <figure
              class="bg-green-300 w-[187px] h-[187px] relative overflow-hidden rounded-full"
            >
              <img
                alt="Donna Tartt"
                class="transition-all w-[187px] h-[187px] hover:w-[207px] hover:h-[207px] hover:-mt-[10px] object-cover"
                data-nimg="1"
                decoding="async"
                height="207"
                loading="lazy"
                sizes="207px"
                src="https://res.cloudinary.com/dulz2k2my/image/upload/c_auto,w_3840,h_3840,g_auto/f_auto/q_auto/v1/author/donna-tartt?_a=BAVARSDW0"
                srcset="https://res.cloudinary.com/dulz2k2my/image/upload/c_auto,w_16,h_16,g_auto/f_auto/q_auto/v1/author/donna-tartt?_a=BAVARSDW0 16w, https://res.cloudinary.com/dulz2k2my/image/upload/c_auto,w_32,h_32,g_auto/f_auto/q_auto/v1/author/donna-tartt?_a=BAVARSDW0 32w, https://res.cloudinary.com/dulz2k2my/image/upload/c_auto,w_48,h_48,g_auto/f_auto/q_auto/v1/author/donna-tartt?_a=BAVARSDW0 48w, https://res.cloudinary.com/dulz2k2my/image/upload/c_auto,w_64,h_64,g_auto/f_auto/q_auto/v1/author/donna-tartt?_a=BAVARSDW0 64w, https://res.cloudinary.com/dulz2k2my/image/upload/c_auto,w_96,h_96,g_auto/f_auto/q_auto/v1/author/donna-tartt?_a=BAVARSDW0 96w, https://res.cloudinary.com/dulz2k2my/image/upload/c_auto,w_128,h_128,g_auto/f_auto/q_auto/v1/author/donna-tartt?_a=BAVARSDW0 128w, https://res.cloudinary.com/dulz2k2my/image/upload/c_auto,w_256,h_256,g_auto/f_auto/q_auto/v1/author/donna-tartt?_a=BAVARSDW0 256w, https://res.cloudinary.com/dulz2k2my/image/upload/c_auto,w_384,h_384,g_auto/f_auto/q_auto/v1/author/donna-tartt?_a=BAVARSDW0 384w, https://res.cloudinary.com/dulz2k2my/image/upload/c_auto,w_640,h_640,g_auto/f_auto/q_auto/v1/author/donna-tartt?_a=BAVARSDW0 640w, https://res.cloudinary.com/dulz2k2my/image/upload/c_auto,w_750,h_750,g_auto/f_auto/q_auto/v1/author/donna-tartt?_a=BAVARSDW0 750w, https://res.cloudinary.com/dulz2k2my/image/upload/c_auto,w_828,h_828,g_auto/f_auto/q_auto/v1/author/donna-tartt?_a=BAVARSDW0 828w, https://res.cloudinary.com/dulz2k2my/image/upload/c_auto,w_1080,h_1080,g_auto/f_auto/q_auto/v1/author/donna-tartt?_a=BAVARSDW0 1080w, https://res.cloudinary.com/dulz2k2my/image/upload/c_auto,w_1200,h_1200,g_auto/f_auto/q_auto/v1/author/donna-tartt?_a=BAVARSDW0 1200w, https://res.cloudinary.com/dulz2k2my/image/upload/c_auto,w_1920,h_1920,g_auto/f_auto/q_auto/v1/author/donna-tartt?_a=BAVARSDW0 1920w, https://res.cloudinary.com/dulz2k2my/image/upload/c_auto,w_2048,h_2048,g_auto/f_auto/q_auto/v1/author/donna-tartt?_a=BAVARSDW0 2048w, https://res.cloudinary.com/dulz2k2my/image/upload/c_auto,w_3840,h_3840,g_auto/f_auto/q_auto/v1/author/donna-tartt?_a=BAVARSDW0 3840w"
                style="color: transparent;"
                width="207"
              />
            </figure>
          </a>
          <p
            class="font-primary text-pretty text-2xl line-clamp-2 mt-2"
          >
            <a
              href="/author/donna-tartt"
              rel="author"
              title="Donna Tartt"
            >
              Donna Tartt
            </a>
          </p>
        </article>
        <article
          class="p-5 w-[227px] h-[267px] flex-none text-sm text-pretty"
        >
          <a
            href="/author/jeremy-mccarter"
            rel="author"
            title="Jeremy McCarter"
          >
            <figure
              class="bg-green-300 w-[187px] h-[187px] relative overflow-hidden rounded-full"
            >
              <img
                alt="Jeremy McCarter"
                class="transition-all w-[187px] h-[187px] hover:w-[207px] hover:h-[207px] hover:-mt-[10px] object-cover"
                data-nimg="1"
                decoding="async"
                height="207"
                loading="lazy"
                sizes="207px"
                src="https://res.cloudinary.com/dulz2k2my/image/upload/c_auto,w_3840,h_3840,g_auto/f_auto/q_auto/v1/author/jeremy-mccarter?_a=BAVARSDW0"
                srcset="https://res.cloudinary.com/dulz2k2my/image/upload/c_auto,w_16,h_16,g_auto/f_auto/q_auto/v1/author/jeremy-mccarter?_a=BAVARSDW0 16w, https://res.cloudinary.com/dulz2k2my/image/upload/c_auto,w_32,h_32,g_auto/f_auto/q_auto/v1/author/jeremy-mccarter?_a=BAVARSDW0 32w, https://res.cloudinary.com/dulz2k2my/image/upload/c_auto,w_48,h_48,g_auto/f_auto/q_auto/v1/author/jeremy-mccarter?_a=BAVARSDW0 48w, https://res.cloudinary.com/dulz2k2my/image/upload/c_auto,w_64,h_64,g_auto/f_auto/q_auto/v1/author/jeremy-mccarter?_a=BAVARSDW0 64w, https://res.cloudinary.com/dulz2k2my/image/upload/c_auto,w_96,h_96,g_auto/f_auto/q_auto/v1/author/jeremy-mccarter?_a=BAVARSDW0 96w, https://res.cloudinary.com/dulz2k2my/image/upload/c_auto,w_128,h_128,g_auto/f_auto/q_auto/v1/author/jeremy-mccarter?_a=BAVARSDW0 128w, https://res.cloudinary.com/dulz2k2my/image/upload/c_auto,w_256,h_256,g_auto/f_auto/q_auto/v1/author/jeremy-mccarter?_a=BAVARSDW0 256w, https://res.cloudinary.com/dulz2k2my/image/upload/c_auto,w_384,h_384,g_auto/f_auto/q_auto/v1/author/jeremy-mccarter?_a=BAVARSDW0 384w, https://res.cloudinary.com/dulz2k2my/image/upload/c_auto,w_640,h_640,g_auto/f_auto/q_auto/v1/author/jeremy-mccarter?_a=BAVARSDW0 640w, https://res.cloudinary.com/dulz2k2my/image/upload/c_auto,w_750,h_750,g_auto/f_auto/q_auto/v1/author/jeremy-mccarter?_a=BAVARSDW0 750w, https://res.cloudinary.com/dulz2k2my/image/upload/c_auto,w_828,h_828,g_auto/f_auto/q_auto/v1/author/jeremy-mccarter?_a=BAVARSDW0 828w, https://res.cloudinary.com/dulz2k2my/image/upload/c_auto,w_1080,h_1080,g_auto/f_auto/q_auto/v1/author/jeremy-mccarter?_a=BAVARSDW0 1080w, https://res.cloudinary.com/dulz2k2my/image/upload/c_auto,w_1200,h_1200,g_auto/f_auto/q_auto/v1/author/jeremy-mccarter?_a=BAVARSDW0 1200w, https://res.cloudinary.com/dulz2k2my/image/upload/c_auto,w_1920,h_1920,g_auto/f_auto/q_auto/v1/author/jeremy-mccarter?_a=BAVARSDW0 1920w, https://res.cloudinary.com/dulz2k2my/image/upload/c_auto,w_2048,h_2048,g_auto/f_auto/q_auto/v1/author/jeremy-mccarter?_a=BAVARSDW0 2048w, https://res.cloudinary.com/dulz2k2my/image/upload/c_auto,w_3840,h_3840,g_auto/f_auto/q_auto/v1/author/jeremy-mccarter?_a=BAVARSDW0 3840w"
                style="color: transparent;"
                width="207"
              />
            </figure>
          </a>
          <p
            class="font-primary text-pretty text-2xl line-clamp-2 mt-2"
          >
            <a
              href="/author/jeremy-mccarter"
              rel="author"
              title="Jeremy McCarter"
            >
              Jeremy McCarter
            </a>
          </p>
        </article>
        <article
          class="p-5 w-[227px] h-[267px] flex-none text-sm text-pretty"
        >
          <a
            href="/author/linmanuel-miranda"
            rel="author"
            title="Lin-Manuel Miranda"
          >
            <figure
              class="bg-green-300 w-[187px] h-[187px] relative overflow-hidden rounded-full"
            >
              <img
                alt="Lin-Manuel Miranda"
                class="transition-all w-[187px] h-[187px] hover:w-[207px] hover:h-[207px] hover:-mt-[10px] object-cover"
                data-nimg="1"
                decoding="async"
                height="207"
                loading="lazy"
                sizes="207px"
                src="https://res.cloudinary.com/dulz2k2my/image/upload/c_auto,w_3840,h_3840,g_auto/f_auto/q_auto/v1/author/linmanuel-miranda?_a=BAVARSDW0"
                srcset="https://res.cloudinary.com/dulz2k2my/image/upload/c_auto,w_16,h_16,g_auto/f_auto/q_auto/v1/author/linmanuel-miranda?_a=BAVARSDW0 16w, https://res.cloudinary.com/dulz2k2my/image/upload/c_auto,w_32,h_32,g_auto/f_auto/q_auto/v1/author/linmanuel-miranda?_a=BAVARSDW0 32w, https://res.cloudinary.com/dulz2k2my/image/upload/c_auto,w_48,h_48,g_auto/f_auto/q_auto/v1/author/linmanuel-miranda?_a=BAVARSDW0 48w, https://res.cloudinary.com/dulz2k2my/image/upload/c_auto,w_64,h_64,g_auto/f_auto/q_auto/v1/author/linmanuel-miranda?_a=BAVARSDW0 64w, https://res.cloudinary.com/dulz2k2my/image/upload/c_auto,w_96,h_96,g_auto/f_auto/q_auto/v1/author/linmanuel-miranda?_a=BAVARSDW0 96w, https://res.cloudinary.com/dulz2k2my/image/upload/c_auto,w_128,h_128,g_auto/f_auto/q_auto/v1/author/linmanuel-miranda?_a=BAVARSDW0 128w, https://res.cloudinary.com/dulz2k2my/image/upload/c_auto,w_256,h_256,g_auto/f_auto/q_auto/v1/author/linmanuel-miranda?_a=BAVARSDW0 256w, https://res.cloudinary.com/dulz2k2my/image/upload/c_auto,w_384,h_384,g_auto/f_auto/q_auto/v1/author/linmanuel-miranda?_a=BAVARSDW0 384w, https://res.cloudinary.com/dulz2k2my/image/upload/c_auto,w_640,h_640,g_auto/f_auto/q_auto/v1/author/linmanuel-miranda?_a=BAVARSDW0 640w, https://res.cloudinary.com/dulz2k2my/image/upload/c_auto,w_750,h_750,g_auto/f_auto/q_auto/v1/author/linmanuel-miranda?_a=BAVARSDW0 750w, https://res.cloudinary.com/dulz2k2my/image/upload/c_auto,w_828,h_828,g_auto/f_auto/q_auto/v1/author/linmanuel-miranda?_a=BAVARSDW0 828w, https://res.cloudinary.com/dulz2k2my/image/upload/c_auto,w_1080,h_1080,g_auto/f_auto/q_auto/v1/author/linmanuel-miranda?_a=BAVARSDW0 1080w, https://res.cloudinary.com/dulz2k2my/image/upload/c_auto,w_1200,h_1200,g_auto/f_auto/q_auto/v1/author/linmanuel-miranda?_a=BAVARSDW0 1200w, https://res.cloudinary.com/dulz2k2my/image/upload/c_auto,w_1920,h_1920,g_auto/f_auto/q_auto/v1/author/linmanuel-miranda?_a=BAVARSDW0 1920w, https://res.cloudinary.com/dulz2k2my/image/upload/c_auto,w_2048,h_2048,g_auto/f_auto/q_auto/v1/author/linmanuel-miranda?_a=BAVARSDW0 2048w, https://res.cloudinary.com/dulz2k2my/image/upload/c_auto,w_3840,h_3840,g_auto/f_auto/q_auto/v1/author/linmanuel-miranda?_a=BAVARSDW0 3840w"
                style="color: transparent;"
                width="207"
              />
            </figure>
          </a>
          <p
            class="font-primary text-pretty text-2xl line-clamp-2 mt-2"
          >
            <a
              href="/author/linmanuel-miranda"
              rel="author"
              title="Lin-Manuel Miranda"
            >
              Lin-Manuel Miranda
            </a>
          </p>
        </article>
      </div>
    </section>
  </div>
</div>
`;
